EN dualbram NULL C:/Users/franc/Documents/neander/neanderImplementation/ipcore_dir/dualBRAM.vhd sub00/vhpl14 1462920624
AR ula behavioral C:/Users/franc/Documents/neander/neanderImplementation/ula.vhd sub00/vhpl05 1462920615
AR mux behavioral C:/Users/franc/Documents/neander/neanderImplementation/mux.vhd sub00/vhpl09 1462920619
AR dualbram dualbram_a C:/Users/franc/Documents/neander/neanderImplementation/ipcore_dir/dualBRAM.vhd sub00/vhpl15 1462920625
EN neander NULL C:/Users/franc/Documents/neander/neanderImplementation/neander.vhd sub00/vhpl16 1462920626
AR controlunit behavioral C:/Users/franc/Documents/neander/neanderImplementation/controlunit.vhd sub00/vhpl13 1462920623
EN regnz NULL C:/Users/franc/Documents/neander/neanderImplementation/regNZ.vhd sub00/vhpl02 1462920612
AR pc_register behavioral C:/Users/franc/Documents/neander/neanderImplementation/PC.vhd sub00/vhpl11 1462920621
AR regnz behavioral C:/Users/franc/Documents/neander/neanderImplementation/regNZ.vhd sub00/vhpl03 1462920613
EN ula NULL C:/Users/franc/Documents/neander/neanderImplementation/ula.vhd sub00/vhpl04 1462920614
EN controlunit NULL C:/Users/franc/Documents/neander/neanderImplementation/controlunit.vhd sub00/vhpl12 1462920622
EN pc_register NULL C:/Users/franc/Documents/neander/neanderImplementation/PC.vhd sub00/vhpl10 1462920620
EN mux NULL C:/Users/franc/Documents/neander/neanderImplementation/mux.vhd sub00/vhpl08 1462920618
AR decoder behavioral C:/Users/franc/Documents/neander/neanderImplementation/decoder.vhd sub00/vhpl07 1462920617
AR reg8bits behavioral C:/Users/franc/Documents/neander/neanderImplementation/reg8.vhd sub00/vhpl01 1462920611
EN decoder NULL C:/Users/franc/Documents/neander/neanderImplementation/decoder.vhd sub00/vhpl06 1462920616
AR neander behavioral C:/Users/franc/Documents/neander/neanderImplementation/neander.vhd sub00/vhpl17 1462920627
EN reg8bits NULL C:/Users/franc/Documents/neander/neanderImplementation/reg8.vhd sub00/vhpl00 1462920610
