EN neander NULL C:/Users/aluno/Desktop/Git/neander/neanderImplementation/neander.vhd sub00/vhpl02 1462452821
AR reg8bits behavioral "//homes/fpknebel/Windows Config/Desktop/neander/neanderImplementation/reg8.vhd" sub00/vhpl01 1462291173
EN reg8bits NULL "//homes/fpknebel/Windows Config/Desktop/neander/neanderImplementation/reg8.vhd" sub00/vhpl00 1462291172
AR neander behavioral C:/Users/aluno/Desktop/Git/neander/neanderImplementation/neander.vhd sub00/vhpl03 1462452822
