AR blockmem blockmem_a C:/Users/franc/Documents/neander/neanderImplementation/ipcore_dir/blockMem.vhd sub00/vhpl15 1462603426
AR ula behavioral C:/Users/franc/Documents/neander/neanderImplementation/ula.vhd sub00/vhpl05 1462603416
AR mux behavioral C:/Users/franc/Documents/neander/neanderImplementation/mux.vhd sub00/vhpl09 1462603420
EN neander NULL C:/Users/franc/Documents/neander/neanderImplementation/neander.vhd sub00/vhpl16 1462603427
AR controlunit behavioral C:/Users/franc/Documents/neander/neanderImplementation/controlunit.vhd sub00/vhpl13 1462603424
EN regnz NULL C:/Users/franc/Documents/neander/neanderImplementation/regNZ.vhd sub00/vhpl02 1462603413
AR pc_register behavioral C:/Users/franc/Documents/neander/neanderImplementation/PC.vhd sub00/vhpl11 1462603422
AR regnz behavioral C:/Users/franc/Documents/neander/neanderImplementation/regNZ.vhd sub00/vhpl03 1462603414
EN ula NULL C:/Users/franc/Documents/neander/neanderImplementation/ula.vhd sub00/vhpl04 1462603415
EN blockmem NULL C:/Users/franc/Documents/neander/neanderImplementation/ipcore_dir/blockMem.vhd sub00/vhpl14 1462603425
EN controlunit NULL C:/Users/franc/Documents/neander/neanderImplementation/controlunit.vhd sub00/vhpl12 1462603423
EN pc_register NULL C:/Users/franc/Documents/neander/neanderImplementation/PC.vhd sub00/vhpl10 1462603421
EN mux NULL C:/Users/franc/Documents/neander/neanderImplementation/mux.vhd sub00/vhpl08 1462603419
AR decoder behavioral C:/Users/franc/Documents/neander/neanderImplementation/decoder.vhd sub00/vhpl07 1462603418
AR reg8bits behavioral C:/Users/franc/Documents/neander/neanderImplementation/reg8.vhd sub00/vhpl01 1462603412
EN decoder NULL C:/Users/franc/Documents/neander/neanderImplementation/decoder.vhd sub00/vhpl06 1462603417
AR neander behavioral C:/Users/franc/Documents/neander/neanderImplementation/neander.vhd sub00/vhpl17 1462603428
EN reg8bits NULL C:/Users/franc/Documents/neander/neanderImplementation/reg8.vhd sub00/vhpl00 1462603411
