V3 3
FL C:/Users/aluno/Desktop/Git/neander/neanderImplementation/reg8.vhd 2016/05/03.10:00:32 P.20131013
EN work/reg8bits 1462280437 \
      FL C:/Users/aluno/Desktop/Git/neander/neanderImplementation/reg8.vhd \
      PB ieee/std_logic_1164 1381692176 PB ieee/std_logic_arith 1381692177 \
      PB ieee/STD_LOGIC_UNSIGNED 1381692179
AR work/reg8bits/Behavioral 1462280438 \
      FL C:/Users/aluno/Desktop/Git/neander/neanderImplementation/reg8.vhd \
      EN work/reg8bits 1462280437
